
> @workspace/api-server@0.0.0 start /home/runner/workspace/artifacts/api-server
> node --enable-source-maps ./dist/index.mjs

[21:11:40.294] [31mERROR[39m (323): [36mError listening on port[39m
    err: {
      "type": "Error",
      "message": "listen EADDRINUSE: address already in use 0.0.0.0:8080",
      "stack":
          Error: listen EADDRINUSE: address already in use 0.0.0.0:8080
              at Server.setupListenHandle [as _listen2] (node:net:1940:16)
              at listenInCluster (node:net:1997:12)
              at Server.listen (node:net:2102:7)
              at app2.listen (/home/runner/workspace/node_modules/.pnpm/express@5.2.1/node_modules/express/lib/application.js:605:24)
              at <anonymous> (/home/runner/workspace/artifacts/api-server/src/index.ts:19:5)
              at ModuleJob.run (node:internal/modules/esm/module_job:413:25)
              at process.processTicksAndRejections (node:internal/process/task_queues:103:5)
              at async onImport.tracePromise.__proto__ (node:internal/modules/esm/loader:660:26)
              at async asyncRunEntryPointWithESMLoader (node:internal/modules/run_main:101:5)
      "code": "EADDRINUSE",
      "errno": -98,
      "syscall": "listen",
      "address": "0.0.0.0",
      "port": 8080
    }
 ELIFECYCLE  Command failed with exit code 1.
